base referer
rect $_k_d_chart_abstract_area_8h.html 802,280 980,307
rect $_k_d_chart_abstract_axis_8h.html 1046,280 1222,307
rect $_k_d_chart_abstract_area_base_8h.html 514,324 724,351
rect $_k_d_chart_text_area_8h.html 816,360 966,387
rect $_k_d_chart_text_attributes_8h.html 799,489 983,516
rect $_k_d_chart_measure_8h.html 546,540 692,567
rect $_k_d_chart_enums_8h.html 254,591 390,617
rect $_k_d_chart_grid_attributes_8h.html 527,603 711,629
rect $_k_d_chart_data_value_attributes_8h.html 506,439 732,465
rect $_k_d_chart_position_8h.html 547,679 691,705
rect $_k_d_chart_widget_8h.html 550,736 688,763
rect $_k_d_chart_marker_attributes_8h.html 518,844 720,871
rect $_k_d_chart_abstract_diagram_8h.html 788,844 994,871
rect $_k_d_chart_relative_position_8h.html 223,337 420,364
rect $_k_d_chart_abstract_proxy_model_8h.html 210,945 434,972
rect $_k_d_chart_attributes_model_8h.html 520,920 718,947
rect $_k_d_chart_attributes_model_8cpp.html 784,996 998,1023
rect $_k_d_chart_paint_context_8h.html 234,1047 410,1073
rect $_k_d_chart_chart_8h.html 258,1097 386,1124
rect $_k_d_chart_abstract_three_d_attributes_8h.html 191,1249 452,1276
rect $_k_d_chart_three_d_line_attributes_8h.html 502,1155 736,1181
rect $_k_d_chart_pie_attributes_8h.html 531,1217 707,1244
rect $_k_d_chart_three_d_pie_attributes_8h.html 506,1293 732,1320
rect $_k_d_chart_three_d_bar_attributes_8h.html 504,1348 734,1375
rect $_k_d_chart_palette_8h.html 551,996 687,1023
rect $_k_d_chart_background_attributes_8h.html 203,1452 440,1479
rect $_k_d_chart_bar_attributes_8h.html 232,1503 411,1529
rect $_k_d_chart_diagram_observer_8h.html 218,1553 426,1580
rect $_k_d_chart_frame_attributes_8h.html 223,1604 420,1631
rect $_k_d_chart_line_attributes_8h.html 230,1655 414,1681
rect $_k_d_chart_value_tracker_attributes_8h.html 200,1705 443,1732
