base referer
rect $_k_d_chart_layout_items_8h.html 283,92 456,119
rect $_k_d_chart_chart_8cpp.html 556,67 700,93
rect $_k_d_chart_legend_8cpp.html 551,129 705,156
rect $_k_d_chart_abstract_area_base_8cpp.html 256,193 483,220
rect $_k_d_chart_abstract_axis_8h.html 281,244 457,271
rect $_k_d_chart_abstract_diagram_8cpp.html 259,295 480,321
rect $_k_d_chart_data_value_attributes_8cpp.html 248,345 491,372
rect $_k_d_chart_header_footer_8cpp.html 271,396 468,423
rect $_k_d_chart_line_diagram_8cpp.html 273,447 465,473
rect $_k_d_chart_measure_8cpp.html 288,497 451,524
rect $_k_d_chart_normal_bar_diagram__p_8cpp.html 244,548 495,575
rect $_k_d_chart_normal_line_diagram__p_8cpp.html 241,599 497,625
rect $_k_d_chart_percent_bar_diagram__p_8cpp.html 243,649 496,676
rect $_k_d_chart_percent_line_diagram__p_8cpp.html 240,700 499,727
rect $_k_d_chart_stacked_bar_diagram__p_8cpp.html 241,751 497,777
rect $_k_d_chart_stacked_line_diagram__p_8cpp.html 239,801 500,828
rect $_k_d_chart_text_attributes_8cpp.html 269,852 469,879
